// Jest Snapshot v1, https://goo.gl/fbAQLP

exports[`should render EditPage 1`] = `
<div>
  <h2>
    Edit page
  </h2>
  <ExpenseForm
    expense={
      Object {
        "amount": 295,
        "createdAt": 345600000,
        "description": "Water",
        "id": "3",
        "note": "aaaa",
      }
    }
    onSubmit={[Function]}
  />
  <button
    onClick={[Function]}
  >
    Remove
  </button>
</div>
`;
